%!Adobe-FontList 1.19
%Locale:0x413

%BeginFont
Handler:DirectoryHandler
FontType:Type1
FontName:Karbon-Bold
FamilyName:Karbon
StyleName:Bold
FullName:Karbon Bold
MenuName:Karbon Bold
StyleBits:0
WritingScript:Roman
OutlineFileName:C:\Users\Kenneth\Desktop\cheat Sheets\Voorbeeld Kenneth _ reporting Eloqua\Voorbeeld Kenneth _ reporting Eloqua\Document fonts\Karbon-Bold.otf
DataFormat:sfntData
UsesStandardEncoding:yes
isCFF:yes
hasSVG:no
VariableFontType:NonVariableFont
FileLength:73932
FileModTime:1249608258
WeightClass:900
WidthClass:5
AngleClass:0
NameArray:0,Mac,4,Karbon Bold
NameArray:0,Win,1,Karbon Bold
NameArray:0,Win,16,Karbon
%EndFont

%BeginFont
Handler:DirectoryHandler
FontType:Type1
FontName:Karbon-Light
FamilyName:Karbon
StyleName:Light
FullName:Karbon Light
MenuName:Karbon Light
StyleBits:0
WritingScript:Roman
OutlineFileName:C:\Users\Kenneth\Desktop\cheat Sheets\Voorbeeld Kenneth _ reporting Eloqua\Voorbeeld Kenneth _ reporting Eloqua\Document fonts\Karbon-Light.otf
DataFormat:sfntData
UsesStandardEncoding:yes
isCFF:yes
hasSVG:no
VariableFontType:NonVariableFont
FileLength:72492
FileModTime:1249608186
WeightClass:500
WidthClass:5
AngleClass:0
NameArray:0,Mac,4,Karbon Light
NameArray:0,Win,1,Karbon Light
NameArray:0,Win,16,Karbon
%EndFont

%BeginFont
Handler:DirectoryHandler
FontType:Type1
FontName:Karbon-Medium
FamilyName:Karbon
StyleName:Medium
FullName:Karbon Medium
MenuName:Karbon Medium
StyleBits:0
WritingScript:Roman
OutlineFileName:C:\Users\Kenneth\Desktop\cheat Sheets\Voorbeeld Kenneth _ reporting Eloqua\Voorbeeld Kenneth _ reporting Eloqua\Document fonts\Karbon-Medium.otf
DataFormat:sfntData
UsesStandardEncoding:yes
isCFF:yes
hasSVG:no
VariableFontType:NonVariableFont
FileLength:76144
FileModTime:1249608228
WeightClass:700
WidthClass:5
AngleClass:0
NameArray:0,Mac,4,Karbon Medium
NameArray:0,Win,1,Karbon Medium
NameArray:0,Win,16,Karbon
%EndFont

%BeginFont
Handler:DirectoryHandler
FontType:Type1
FontName:Karbon-Regular
FamilyName:Karbon
StyleName:Regular
FullName:Karbon Regular
MenuName:Karbon Regular
StyleBits:0
WritingScript:Roman
OutlineFileName:C:\Users\Kenneth\Desktop\cheat Sheets\Voorbeeld Kenneth _ reporting Eloqua\Voorbeeld Kenneth _ reporting Eloqua\Document fonts\Karbon-Regular.otf
DataFormat:sfntData
UsesStandardEncoding:yes
isCFF:yes
hasSVG:no
VariableFontType:NonVariableFont
FileLength:71960
FileModTime:1249608208
WeightClass:600
WidthClass:5
AngleClass:0
NameArray:0,Mac,4,Karbon Regular
NameArray:0,Win,1,Karbon Regular
NameArray:0,Win,16,Karbon
%EndFont

%BeginFont
Handler:DirectoryHandler
FontType:Type1
FontName:MinionPro-Regular
FamilyName:Minion Pro
StyleName:Regular
FullName:Minion Pro
MenuName:Minion Pro
StyleBits:0
WritingScript:Roman
OutlineFileName:C:\Users\Kenneth\Desktop\cheat Sheets\Voorbeeld Kenneth _ reporting Eloqua\Voorbeeld Kenneth _ reporting Eloqua\Document fonts\MinionPro-Regular.otf
DataFormat:sfntData
UsesStandardEncoding:yes
isCFF:yes
hasSVG:no
VariableFontType:NonVariableFont
FileLength:218640
FileModTime:1361524580
WeightClass:400
WidthClass:5
AngleClass:0
DesignSize:110
NameArray:0,Mac,4,Minion Pro
NameArray:0,Win,1,Minion Pro
%EndFont

